Script started on 2024-05-20 19:09:27+05:30 [TERM="xterm-256color" TTY="/dev/pts/0" COLUMNS="120" LINES="30"]
[?2004h(base) ]0;arun1032@TIGER04727: ~[01;32marun1032@TIGER04727[00m:[01;34m~[00m$ mkdir gitrepo
[?2004l[?2004h(base) ]0;arun1032@TIGER04727: ~[01;32marun1032@TIGER04727[00m:[01;34m~[00m$ cd gitrepo/
[?2004l[?2004h(base) ]0;arun1032@TIGER04727: ~/gitrepo[01;32marun1032@TIGER04727[00m:[01;34m~/gitrepo[00m$ ld
[?2004lld: no input files
[?2004h(base) ]0;arun1032@TIGER04727: ~/gitrepo[01;32marun1032@TIGER04727[00m:[01;34m~/gitrepo[00m$ ls
[?2004l[?2004h(base) ]0;arun1032@TIGER04727: ~/gitrepo[01;32marun1032@TIGER04727[00m:[01;34m~/gitrepo[00m$ lsdcd gitrepo/mkdir gitrepols[K -F[K[K[K[K[Kgit remote remove 
[?2004lusage: git remote remove <name>

[?2004h(base) ]0;arun1032@TIGER04727: ~/gitrepo[01;32marun1032@TIGER04727[00m:[01;34m~/gitrepo[00m$ git remote remove ls[Kgit remote remove .
[?2004lerror: No such remote: '.'
[?2004h(base) ]0;arun1032@TIGER04727: ~/gitrepo[01;32marun1032@TIGER04727[00m:[01;34m~/gitrepo[00m$ git remote remove .[Koro[Kigin
[?2004lerror: No such remote: 'origin'
[?2004h(base) ]0;arun1032@TIGER04727: ~/gitrepo[01;32marun1032@TIGER04727[00m:[01;34m~/gitrepo[00m$ git remote remove origin[K[K[K[K[K[K[K[K[K[K[K[K[K-v
[?2004l[?2004h(base) ]0;arun1032@TIGER04727: ~/gitrepo[01;32marun1032@TIGER04727[00m:[01;34m~/gitrepo[00m$ [7mgit init[27mgit init
[?2004l[33mhint: Using 'master' as the name for the initial branch. This default branch name[m
[33mhint: is subject to change. To configure the initial branch name to use in all[m
[33mhint: of your new repositories, which will suppress this warning, call:[m
[33mhint: [m
[33mhint: 	git config --global init.defaultBranch <name>[m
[33mhint: [m
[33mhint: Names commonly chosen instead of 'master' are 'main', 'trunk' and[m
[33mhint: 'development'. The just-created branch can be renamed via this command:[m
[33mhint: [m
[33mhint: 	git branch -m <name>[m
Initialized empty Git repository in /home/arun1032/gitrepo/.git/
[?2004h(base) ]0;arun1032@TIGER04727: ~/gitrepo[01;32marun1032@TIGER04727[00m:[01;34m~/gitrepo[00m$ [7mhint:   git config --global init.defaultBranch <name>[27m[C[C[C[C[C[C[C[C[C[C[C[C[C[C[C[C[C[C[C[C[C[C[C[C[C[C[C[C[C[C[C[C[C[C[C[C[C[Chint:   git config --global init.defaultBranch <name>[1P[1P[1P[1P[1P[1P[1P[1P[C[C[C[C[C[C[C[C[C[C[C[C[C[C[C[C[C[C[C[C[C[C[C[C[C[C[C[C[C[C[C[C[C[C[C[C[C[C[C[C[C[C[C[C[C[K[K[K[K[K[Kmaikn[K[Kn
[?2004l[?2004h(base) ]0;arun1032@TIGER04727: ~/gitrepo[01;32marun1032@TIGER04727[00m:[01;34m~/gitrepo[00m$ git branch -m develope[Kment
[?2004l[?2004h(base) ]0;arun1032@TIGER04727: ~/gitrepo[01;32marun1032@TIGER04727[00m:[01;34m~/gitrepo[00m$ git branchj
[?2004lgit: 'branchj' is not a git command. See 'git --help'.

The most similar command is
	branch
[?2004h(base) ]0;arun1032@TIGER04727: ~/gitrepo[01;32marun1032@TIGER04727[00m:[01;34m~/gitrepo[00m$ git branchj[K
[?2004l[?1h=[K[?1l>[?2004h(base) ]0;arun1032@TIGER04727: ~/gitrepo[01;32marun1032@TIGER04727[00m:[01;34m~/gitrepo[00m$ git branch
[?2004l[?1h=[K[?1l>[?2004h(base) ]0;arun1032@TIGER04727: ~/gitrepo[01;32marun1032@TIGER04727[00m:[01;34m~/gitrepo[00m$ git status
[?2004lOn branch development

No commits yet

nothing to commit (create/copy files and use "git add" to track)
[?2004h(base) ]0;arun1032@TIGER04727: ~/gitrepo[01;32marun1032@TIGER04727[00m:[01;34m~/gitrepo[00m$ ls
[?2004lmy_unix_session.txt  my_unix_session1.txt
[?2004h(base) ]0;arun1032@TIGER04727: ~/gitrepo[01;32marun1032@TIGER04727[00m:[01;34m~/gitrepo[00m$ lsgit status[K[K[K[K[K[Kadd my_unix_session.txt
[?2004l[?2004h(base) ]0;arun1032@TIGER04727: ~/gitrepo[01;32marun1032@TIGER04727[00m:[01;34m~/gitrepo[00m$ git add my_unix_session.txt1.txt
[?2004l[?2004h(base) ]0;arun1032@TIGER04727: ~/gitrepo[01;32marun1032@TIGER04727[00m:[01;34m~/gitrepo[00m$ [7mgit commit -m "Initial commit"[27mgit commit -m "Initial commit"
[?2004l[development (root-commit) 5b71e98] Initial commit
 2 files changed, 11430 insertions(+)
 create mode 100644 my_unix_session.txt
 create mode 100644 my_unix_session1.txt
[?2004h(base) ]0;arun1032@TIGER04727: ~/gitrepo[01;32marun1032@TIGER04727[00m:[01;34m~/gitrepo[00m$ git commit -m "Initial commit"[2Padd my_unix_session1.txt[1P.txtls[Kgit statusbranchj -m developmentconfig --global init.defaultBranch maininit[Kremote -vremove origin.[K[Kls[Kdcd gitrepo/mkdir gitrepols[K -F[2Ppwd[1Plsgit add learnmy_unix_session.txt[13Pcd githubRepo/ls[Kcondaleard[Kexitconda install matplotlibactivate myenvironment[Kinfo --envscreate -n myenvironment python numpy pandas[C[C[C[C[C[C[C[C[C[C[C[C[C[C[C[C[C[C[C[C[C[C[C[C[C[C[C[C[C[C[C[C[C[C[C[C[C[C[23Pls -f my_unix_session.txt [3P[C[C[C[C[C[C[C[C[C[C[C[C[C[C[C[C[C[C[C[Ccd ..[K[3Plscd miniconda3/ls[Kscript -a ~/my_unix_session.txt/ls[K[1Pls/lsscript -a ~/my_unix_session.txtls[Kcd miniconda3/ls[Kcd ..ls my_unix_session.txt [3@-f [C[C[C[C[C[C[C[C[C[C[C[C[C[C[C[C[C[C[C[Cconda create -n myenvironment python numpy pandasinfo --envs[K[3Pactivate myenvironment[4Pinstall matplotlibexit[K[2Pcdlearonda[3Plscd githubRepo/git add my_unix_session.txtlearn[Kls[Kpwdls -F[Kmkdir gitrepo[2Pcd gitrepo/ld[Ksgit remote remove .origin-v[K[5Pinitconfig --global init.defaultBranch main[18Pbranch -m developmentj[K[Kstatusls[Kgit add my_unix_session.txt1.txtcommit -m "Initial commit"[K[7mgit remote add origin <repository-url>[27mgit remote add origin <repository-url>[K[K[K[K[K[K[K[K[K[K[K[K[K[K[K[K[7mgit@github.com:arunTiger1032/demo.git[27mgit@github.com:arunTiger1032/demo.git[1P.git[1P.git[1P.git[1P.gitu.gitn.giti.gitx.gitS.gite.gits.gits.giti.gito.gitn.git
[?2004l[?2004h(base) ]0;arun1032@TIGER04727: ~/gitrepo[01;32marun1032@TIGER04727[00m:[01;34m~/gitrepo[00m$ [7mgit push -u origin master[27m[1Pgit push -u origin maste[K[K[K[K[K[K[K[K[K[K[K[K[K[K[K[K[K[K[K[K[K[K[K[Kgit remote add origin git@github.com:arunTiger1032/unixSession.git[C[C[C[C[C[C[C[C[C[C[C[C[C[C[C[C[C[C[C[C[C[C[C[C[C[C[C[C[C[C[C[C[C[C[C[C[C[C[K[7mgit push -u origin master[27mgit push -u origin master[K[K[K[K[K[Kdevelopment[K[K[K[K[K[K[K[K[K[K[Kmain
[?2004lerror: src refspec main does not match any
[31merror: failed to push some refs to 'github.com:arunTiger1032/unixSession.git'
[m[?2004h(base) ]0;arun1032@TIGER04727: ~/gitrepo[01;32marun1032@TIGER04727[00m:[01;34m~/gitrepo[00m$ git push -u origin main[K[K[K[Kdevelopment
[?2004lERROR: Repository not found.
fatal: Could not read from remote repository.

Please make sure you have the correct access rights
and the repository exists.
[?2004h(base) ]0;arun1032@TIGER04727: ~/gitrepo[01;32marun1032@TIGER04727[00m:[01;34m~/gitrepo[00m$ git push -u origin development[7Pmainremote add origin git@github.com:arunTiger1032/unixSession.git[C[C[C[C[C[C[C[C[C[C[C[C[C[C[C[C[C[C[C[C[C[C[C[C[C[C[C[C[C[C[C[C[C[C[C[C[C[C[C[C[C[Cpush -u origin main[Kremote add origin git@github.com:arunTiger1032/unixSession.git[C[C[C[C[C[C[C[C[C[C[C[C[C[C[C[C[C[C[C[C[C[C[C[C[C[C[C[C[C[C[C[C[C[C[C[C[C[C[C[C[C[C[36Pcommit -m "Initial commit"[2Padd my_unix_session1.txt[1P.txtls[Kgit statusbranchj -m developmentconfig --global init.defaultBranch maininit[Kremote -vremove origin-v[K
[?2004lorigin	git@github.com:arunTiger1032/unixSession.git (fetch)
origin	git@github.com:arunTiger1032/unixSession.git (push)
[?2004h(base) ]0;arun1032@TIGER04727: ~/gitrepo[01;32marun1032@TIGER04727[00m:[01;34m~/gitrepo[00m$ git remote -vpush -u origin development[7Pmainremote add origin git@github.com:arunTiger1032/unixSession.git[C[C[C[C[C[C[C[C[C[C[C[C[C[C[C[C[C[C[C[C[C[C[C[C[C[C[C[C[C[C[C[C[C[C[C[C[C[C[C[C[C[C[36Pcommit -m "Initial commit"[2Padd my_unix_session1.txt[1P.txtls[Kgit statusbranchj -m developmentconfig --global init.defaultBranch maininit[Kremote -vremove origin.[K[Kls[Kdcd gitrepo/mkdir gitrepols[K -F[2Ppwd[1Plsgit add learnmy_unix_session.txt[13Pcd githubRepo/git add my_unix_session.txtlearn[Kls[Kpwdls -F[Kmkdir gitrepo[2Pcd gitrepo/ld[Ksgit remote remove .[K
[?2004lusage: git remote remove <name>

[?2004h(base) ]0;arun1032@TIGER04727: ~/gitrepo[01;32marun1032@TIGER04727[00m:[01;34m~/gitrepo[00m$ git remote remove origin
[?2004l[?2004h(base) ]0;arun1032@TIGER04727: ~/gitrepo[01;32marun1032@TIGER04727[00m:[01;34m~/gitrepo[00m$ git remote remove origin[K-v[Kpush -u origin development[7Pmainremote add origin git@github.com:arunTiger1032/unixSession.git[C[C[C[C[C[C[C[C[C[C[C[C[C[C[C[C[C[C[C[C[C[C[C[C[C[C[C[C[C[C[C[C[C[C[C[C[C[C[C[C[C[C[36Pcommit -m "Initial commit"[2Padd my_unix_session1.txt[1P.txt1.txtcommit -m "Initial commit"[2Padd my_unix_session1.txt[1P.txtls[Kgit statusbranchj -m developmentconfig --global init.defaultBranch maininit[Kremote -vremove origin.[K[Kls[Kdcd gitrepo/mkdir gitrepols[K -F[2Ppwd[1Plsgit add learnmy_unix_session.txt[13Pcd githubRepo/ls[Kcondaleard[Kexitconda install matplotlibactivate myenvironment[Kinfo --envscreate -n myenvironment python numpy pandas[C[C[C[C[C[C[C[C[C[C[C[C[C[C[C[C[C[C[C[C[C[C[C[C[C[C[C[C[C[C[C[C[C[C[C[C[C[C[23Pls -f my_unix_session.txt conda create -n myenvironment python numpy pandas[C[C[C[C[C[C[C[C[C[C[C[C[C[C[C[C[C[C[C[C[C[C[C[C[C[C[C[C[C[C[C[C[C[C[C[C[C[C[23Pls -f my_unix_session.txt [3P[C[C[C[C[C[C[C[C[C[C[C[C[C[C[C[C[C[C[C[Ccd ..[K[3Plscd ..[K[K[K[K[K[7mgit push -u origin master[27m[1Pgit push -u origin maste[K[K[K[K[K[K[K[K[K[Kls my_unix_session.txt [3@-f [C[C[C[C[C[C[C[C[C[C[C[C[C[C[C[C[C[C[C[Cconda create -n myenvironment python numpy pandasinfo --envs[K[3Pactivate myenvironment[4Pinstall matplotlibexit[K[2Pcdlearonda[3Plscd githubRepo/git add my_unix_session.txtlearn[Kls[Kpwdls -F[Kmkdir gitrepo[2Pcd gitrepo/ld[Ksgit remote remove .origin-v[K[5Pinitconfig --global init.defaultBranch main[18Pbranch -m developmentj[K[Kstatusls[Kgit add my_unix_session.txt1.txt[1P.txtls[Kgit statusbranchj -m developmentconfig --global init.defaultBranch maininit[Kremote -vremove origin.[K[Kls[Kdcd gitrepo/mkdir gitrepols[K -F[2Ppwd[1Plsgit add learnmy_unix_session.txt[13Pcd githubRepo/ls[Kcondaleard[Kexitconda install matplotlibactivate myenvironment[Kinfo --envscreate -n myenvironment python numpy pandas[C[C[C[C[C[C[C[C[C[C[C[C[C[C[C[C[C[C[C[C[C[C[C[C[C[C[C[C[C[C[C[C[C[C[C[C[C[C[23Pls -f my_unix_session.txt [3P[C[C[C[C[C[C[C[C[C[C[C[C[C[C[C[C[C[C[C[C[9Pgit push -u orls[Kcd miniconda3/ls[Kscript -a ~/my_unix_session.txt/ls[K[1Plspwdsudo apt-get install gitexit[Kconda create -n myenvironment python numpy pandas[Kdel miniconda.exestart /wait "" miniconda.exe /Scurl https://repo.anaconda.com/miniconda/Miniconda3-latest-Windows-x86_64.exe -o miniconda.exe[A(base) ]0;arun1032@TIGER04727: ~/gitrepo[01;32marun1032@TIGER04727[00m:[01;34m~/gitrepo[00m$ [Conda create -n development[K
[K[A[C[C[C[C[C[C[C[C[C[C[C[C[C[C[C[C[C[C[C[C[C[C[C[C[C[C[C[C[C[C[C[C[C[C[C[C[C[C[C[C[C[C[C[C[C[C[C[C[C[C[C[C[C[C[C[C[C[C[C[C[C[C[C[C[C~/miniconda3/bin/conda init zshbashrm -rf ~/miniconda3/miniconda.shbash ~/miniconda3/miniconda.sh -b -u -p ~/miniconda3[C[C[C[C[C[C[C[C[C[C[C[C[C[C[C[C[C[C[C[C[C[C[C[C[C[C[C[C[C[C[C[C[C[C[C[C[C[Cwget https://repo.anaconda.com/miniconda/Miniconda3-latest-Linux-x86_64.sh -O ~/miniconda3/miniconda.sh[A(base) ]0;arun1032@TIGER04727: ~/gitrepo[01;32marun1032@TIGER04727[00m:[01;34m~/gitrepo[00m$ mkdir -p ~/miniconda3[K
[K[A[C[C[C[C[C[C[C[C[C[C[C[C[C[C[C[C[C[C[C[C[C[C[C[C[C[C[C[C[C[C[C[C[C[C[C[C[C[C[C[C[C[C[C[C[C[C[C[C[C[C[C[C[C[C[C[C[C[C[Cclear[Kgit commit -m 'initial commit'[2Padd my_unix_session.txt commit -m 'initial commit',[Kls[Kgit initmkdir githubRepols[Ksudo apt-get install gitcd[Ksudo apt-get install git[4Port -n copyText.txt[3@echo he >>[C[C[C[C[C[C[C[C[C[C[C[C[Cllo[K >> copyText.txt[1P copyText.txt[4Pls -s[C[C[C[C[C[C[C[C[C[C[C[C[C[4Pcat length.txtht.txtls[Kcat lenght.txtth.txtls -s copyText.txt[4@echo he >[C[C[C[C[C[C[C[C[C[C[C[C[C[4Pls -s[C[C[C[C[C[C[C[C[C[C[C[C[C[4Pcat length.txtht.txtls[Kwc -l *.txt > length.txtls[Kcd learn/project1/[10Pls *earn[Krm -r learnCorrect/cd[Klsmv copyText.txt rename.txtls[Kcd learnCorrect/project1/ls[Kmv learnBackup learnCorrectclear[Kls learn learnBackup[1P[C[C[C[C[C[C[C[C[C[C[C[C[C[Kcp -r learn learnBackuplear[Kd[Klscd learn/project1/[Klscd projects/results/[8PlearnSub/p learnSub/projects/results/textName.txt learn/project1/copyText.txt[C[C[C[C[C[C[C[C[C[C[C[C[C[C[C[C[C[C[C[C[C[C[C[C[C[C[C[C[C[C[C[C[C[C[C[C[C[C[Cd[K projects/results/[8PlearnSub/[3P../../ls[Kcd learn/project1/lear[Kd[K ..[K[1Ppwdclearls -F textName.txt[Kcd learnSub/projects/results/[Kmv learn/project1/textName.txt learnSub/projects/results/textName.txt[C[C[C[C[C[C[C[C[C[C[C[C[C[C[C[C[C[C[C[C[C[C[C[C[C[C[C[C[C[C[C[C[C[C[C[C[C[Cls[Kcd learn[3P..[3Plsmkdir resultsls[Kcd learnSubls[Kcd ..[3Plscd ..[3Plsmv textSample.txt textName.txtls[Krm text2.txt[7Pls -l[K -l text2[Ktouch text2.txtls -s textSample.txt S[C[C[C[C[C[C[C[C[C[C[C[C[C[C[C[CF[K_Fnano textSample.txt[K[K[K[K[K[K[K[K[K[K[K[K[K[K[K[K[K[K[K[7mgit@github.com:arunTiger1032/demo.git[27mgit@github.com:arunTiger1032/demo.git[7mgit remote add origin <repository-url>[27mgit@github.com:arunTiger1032/demo.gitcd learn/project1/[Kgit remote add origin <repository-url>git@github.com:arunTiger1032/demo.git[C[1Pgit@github.com:arunTiger1032/demo.git[1Pgit@github.com:arunTiger1032/demo.git[1Pgit@github.com:arunTiger1032/demo.git[1Pgit@github.com:arunTiger1032/demo.git[1Pgit@github.com:arunTiger1032/demo.git[1Pgit@github.com:arunTiger1032/demo.git[1Pgit@github.com:arunTiger1032/demo.git[1Pgit@github.com:arunTiger1032/demo.git[1Pgit@github.com:arunTiger1032/demo.git[1Pgit@github.com:arunTiger1032/demo.git[1Pgit@github.com:arunTiger1032/demo.git[1Pgit@github.com:arunTiger1032/demo.git[1Pgit@github.com:arunTiger1032/demo.git[1Pgit@github.com:arunTiger1032/demo.git[1Pgit@github.com:arunTiger1032/demo.git[1Pgit@github.com:arunTiger1032/demo.git[1Pgit@github.com:arunTiger1032/demo.git git@github.com:arunTiger1032/demo.git
[?2004l[?2004h(base) ]0;arun1032@TIGER04727: ~/gitrepo[01;32marun1032@TIGER04727[00m:[01;34m~/gitrepo[00m$ git remote add origin git@github.com:arunTiger1032/demo.gitremove origin[K[K-v[Kpush -u origin development[17Premote -v
[?2004lorigin	git@github.com:arunTiger1032/demo.git (fetch)
origin	git@github.com:arunTiger1032/demo.git (push)
[?2004h(base) ]0;arun1032@TIGER04727: ~/gitrepo[01;32marun1032@TIGER04727[00m:[01;34m~/gitrepo[00m$ git remote -vadd origin git@github.com:arunTiger1032/demo.gitremove origin[K[K-v[Kpush -u origin development[7Pmaindevelopment
[?2004lEnumerating objects: 4, done.
Counting objects:  25% (1/4)Counting objects:  50% (2/4)Counting objects:  75% (3/4)Counting objects: 100% (4/4)Counting objects: 100% (4/4), done.
Delta compression using up to 12 threads
Compressing objects:  25% (1/4)Compressing objects:  50% (2/4)Compressing objects:  75% (3/4)Compressing objects: 100% (4/4)Compressing objects: 100% (4/4), done.
Writing objects:  25% (1/4)Writing objects:  50% (2/4)Writing objects:  75% (3/4)Writing objects: 100% (4/4)Writing objects: 100% (4/4), 19.66 KiB | 1.40 MiB/s, done.
Total 4 (delta 1), reused 0 (delta 0), pack-reused 0
remote: Resolving deltas:   0% (0/1)[Kremote: Resolving deltas: 100% (1/1)[Kremote: Resolving deltas: 100% (1/1), done.[K
remote: 
remote: Create a pull request for 'development' on GitHub by visiting:[K
remote:      https://github.com/arunTiger1032/demo/pull/new/development[K
remote: 
To github.com:arunTiger1032/demo.git
 * [new branch]      development -> development
Branch 'development' set up to track remote branch 'development' from 'origin'.
[?2004h(base) ]0;arun1032@TIGER04727: ~/gitrepo[01;32marun1032@TIGER04727[00m:[01;34m~/gitrepo[00m$ exit
[?2004lexit

Script done on 2024-05-20 19:19:58+05:30 [COMMAND_EXIT_CODE="0"]
